// Vitest Snapshot v1, https://vitest.dev/guide/snapshot.html

exports[`NavBar.tsx snapshot test > matches snapshot 1`] = `
<DocumentFragment>
  <nav
    class="homePage"
  >
    <div
      class="navbar-logo"
    >
      <a
        href="/"
      >
        The Wanmin Restaurant
      </a>
    </div>
    <ul
      class="navbar-links"
    >
      <li>
        <a
          href="/recipes"
        >
          <img
            alt="primo"
            id="textLogo"
            src="/project1/src/assets/genshinFood.png"
          />
          Recipes
        </a>
      </li>
      <li>
        <a
          href="/favorites"
        >
          <img
            alt="primo"
            id="textLogo"
            src="/project1/src/assets/primogem.png"
          />
          My Favorites
        </a>
      </li>
      <li>
        <a
          href="/about"
        >
          <img
            alt="paimon"
            src="/project1/src/assets/paimon.png"
          />
          About
        </a>
      </li>
    </ul>
  </nav>
</DocumentFragment>
`;
